// Jest Snapshot v1, https://goo.gl/fbAQLP

exports[`ItemContent size styling props should render title and subtitles with a given color as defined 1`] = `
<View
  style={undefined}
>
  <Text
    accessible={true}
    allowFontScaling={true}
    disabled={false}
    ellipsizeMode="tail"
    style={
      Array [
        undefined,
        Object {
          "color": "red",
        },
      ]
    }
  >
    foo
  </Text>
  <Text
    accessible={true}
    allowFontScaling={true}
    disabled={false}
    ellipsizeMode="tail"
    style={
      Array [
        undefined,
        Object {
          "color": "red",
        },
      ]
    }
  >
    foo1
  </Text>
  <Text
    accessible={true}
    allowFontScaling={true}
    disabled={false}
    ellipsizeMode="tail"
    style={
      Array [
        undefined,
        Object {
          "color": "red",
        },
      ]
    }
  >
    foo2
  </Text>
</View>
`;
