// Jest Snapshot v1, https://goo.gl/fbAQLP

exports[`TextWithIcon size styling props should render a given tex wit customized color, background and icon 1`] = `
<View
  style={
    Array [
      undefined,
      Object {
        "backgroundColor": "red",
      },
    ]
  }
>
  <Text
    accessible={true}
    allowFontScaling={false}
    disabled={false}
    ellipsizeMode="tail"
    style={
      Array [
        Object {
          "color": "blue",
          "fontSize": 40,
        },
        Array [
          undefined,
        ],
        Object {
          "fontFamily": "Material Icons",
          "fontStyle": "normal",
          "fontWeight": "normal",
        },
      ]
    }
  >
    î……
  </Text>
  <Text
    accessible={true}
    allowFontScaling={true}
    disabled={false}
    ellipsizeMode="tail"
    style={
      Array [
        undefined,
        Object {
          "color": "blue",
        },
      ]
    }
  >
    foo
  </Text>
</View>
`;
