// Jest Snapshot v1, https://goo.gl/fbAQLP

exports[`sets initial state 1`] = `
Object {
  "error": null,
  "groceriesData": Object {
    "list": Array [],
  },
  "groceriesView": Array [],
}
`;
