// Jest Snapshot v1, https://goo.gl/fbAQLP

exports[`renders the child prop 1`] = `
<View
  style={undefined}
>
  <View />
</View>
`;
